C51 COMPILER V8.12   OSDFONTMASKREGIONSET                                                  05/25/2022 15:41:16 PAGE 1   


C51 COMPILER V8.12, COMPILATION OF MODULE OSDFONTMASKREGIONSET
OBJECT MODULE PLACED IN .\Output\OsdFontMaskRegionSet.obj
COMPILER INVOKED BY: C:\Keil\C51\BIN\C51.EXE ..\..\ScalerFunction\Lib\Code\ScalerOSD\SRAM\OsdFontMaskRegionSet.c LARGE O
                    -PTIMIZE(9,SPEED) INCDIR(..\..\..\Common;..\Header;.\Header;..\..\ScalerFunction\Lib\Header;..\..\ScalerFunction\Header;.
                    -.\..\ScalerCommonFunction\Lib\Header;..\..\ScalerCommonFunction\Header;..\..\RL6432_Series_Common\Lib\Header;..\..\RL643
                    -2_Series_Common\Header) DEFINE(_TRANSLATOR_SUPPORT=_OFF,_SCALER_TYPE=_RL6432_SERIES) DEBUG OBJECTEXTEND PRINT(.\Output\O
                    -sdFontMaskRegionSet.lst) OBJECT(.\Output\OsdFontMaskRegionSet.obj)

line level    source

   1          /********************************************************************************/
   2          /*   The  Software  is  proprietary,  confidential,  and  valuable to Realtek   */
   3          /*   Semiconductor  Corporation  ("Realtek").  All  rights, including but not   */
   4          /*   limited  to  copyrights,  patents,  trademarks, trade secrets, mask work   */
   5          /*   rights, and other similar rights and interests, are reserved to Realtek.   */
   6          /*   Without  prior  written  consent  from  Realtek,  copying, reproduction,   */
   7          /*   modification,  distribution,  or  otherwise  is strictly prohibited. The   */
   8          /*   Software  shall  be  kept  strictly  in  confidence,  and  shall  not be   */
   9          /*   disclosed to or otherwise accessed by any third party.                     */
  10          /*   c<2003> - <2012>                                                           */
  11          /*   The Software is provided "AS IS" without any warranty of any kind,         */
  12          /*   express, implied, statutory or otherwise.                                  */
  13          /********************************************************************************/
  14          //----------------------------------------------------------------------------------------------------
  15          // ID Code      : OsdFontMaskRegionSet.c
  16          // Update Note  :
  17          //----------------------------------------------------------------------------------------------------
  18          #include "ScalerOSDLibInternalInclude.h"
  19          
  20          //****************************************************************************
  21          // DEFINITIONS / MACROS
  22          //****************************************************************************
  23          
  24          
  25          //****************************************************************************
  26          // STRUCT / TYPE / ENUM DEFINITTIONS
  27          //****************************************************************************
  28          
  29          
  30          //****************************************************************************
  31          // CODE TABLES
  32          //****************************************************************************
  33          
  34          
  35          //****************************************************************************
  36          // VARIABLE DECLARATIONS
  37          //****************************************************************************
  38          
  39          
  40          //****************************************************************************
  41          // FUNCTION DECLARATIONS
  42          //****************************************************************************
  43          void ScalerOsdFontMaskRegionSet(EnumOsdMapType enumOsdMapType, BYTE ucRowStart, BYTE ucRowEnd, BYTE ucColu
             -mnStart, BYTE ucColumnEnd);
  44          
  45          
  46          //****************************************************************************
  47          // FUNCTION DEFINITIONS
  48          //****************************************************************************
  49          //--------------------------------------------------
  50          // Description  : MASK Specific Region of Font A/B
C51 COMPILER V8.12   OSDFONTMASKREGIONSET                                                  05/25/2022 15:41:16 PAGE 2   

  51          // Input Value  : ucRowStart
  52          // Input Value  : ucRowEnd
  53          // Input Value  : ucColumnStart
  54          // Input Value  : ucColumnEnd
  55          // Output Value :
  56          //--------------------------------------------------
  57          void ScalerOsdFontMaskRegionSet(EnumOsdMapType enumOsdMapType, BYTE ucRowStart, BYTE ucRowEnd, BYTE ucColu
             -mnStart, BYTE ucColumnEnd)
  58          {
  59   1          if(enumOsdMapType == _OSD_A)
  60   1          {
  61   2              // MASK Row Start/End of Font A
  62   2              ScalerSetBit(P3A_45_FRAME_CTRL_45, ~(_BIT6 | _BIT5 | _BIT4 | _BIT3 | _BIT2 | _BIT1 | _BIT0), (ucRo
             -wStart & 0x7F));
  63   2              ScalerSetBit(P3A_46_FRAME_CTRL_46, ~(_BIT6 | _BIT5 | _BIT4 | _BIT3 | _BIT2 | _BIT1 | _BIT0), (ucRo
             -wEnd & 0x7F));
  64   2      
  65   2              // MASK Column Start/End of Font A
  66   2              ScalerSetByte(P3A_49_FRAME_CTRL_49, ucColumnStart);
  67   2              ScalerSetByte(P3A_4A_FRAME_CTRL_4A, ucColumnEnd);
  68   2          }
  69   1          else
  70   1          {
  71   2              // MASK Row Start/End of Font B
  72   2              ScalerSetBit(P3A_47_FRAME_CTRL_47, ~(_BIT6 | _BIT5 | _BIT4 | _BIT3 | _BIT2 | _BIT1 | _BIT0), (ucRo
             -wStart & 0x7F));
  73   2              ScalerSetBit(P3A_48_FRAME_CTRL_48, ~(_BIT6 | _BIT5 | _BIT4 | _BIT3 | _BIT2 | _BIT1 | _BIT0), (ucRo
             -wEnd & 0x7F));
  74   2      
  75   2              // MASK Column Start/End of Font B
  76   2              ScalerSetByte(P3A_4B_FRAME_CTRL_4B, ucColumnStart);
  77   2              ScalerSetByte(P3A_4C_FRAME_CTRL_4C, ucColumnEnd);
  78   2          }
  79   1      }
  80          


MODULE INFORMATION:   STATIC OVERLAYABLE
   CODE SIZE        =     69    ----
   CONSTANT SIZE    =   ----    ----
   XDATA SIZE       =   ----       5
   PDATA SIZE       =   ----    ----
   DATA SIZE        =   ----    ----
   IDATA SIZE       =   ----    ----
   BIT SIZE         =   ----    ----
END OF MODULE INFORMATION.


C51 COMPILATION COMPLETE.  0 WARNING(S),  0 ERROR(S)
