C51 COMPILER V8.12   RL6432_SERIES_OSDAUTOROTATEFONTBSTARTADDR                             05/25/2022 15:41:37 PAGE 1   


C51 COMPILER V8.12, COMPILATION OF MODULE RL6432_SERIES_OSDAUTOROTATEFONTBSTARTADDR
OBJECT MODULE PLACED IN .\Output\RL6432_Series_OsdAutoRotateFontBStartAddr.obj
COMPILER INVOKED BY: C:\Keil\C51\BIN\C51.EXE Code\RL6432_Series_OSD\SRAM\RL6432_Series_OsdAutoRotateFontBStartAddr.c LAR
                    -GE OPTIMIZE(9,SPEED) INCDIR(..\..\..\Common;..\Header;.\Header;..\..\ScalerFunction\Lib\Header;..\..\ScalerFunction\Head
                    -er;..\..\ScalerCommonFunction\Lib\Header;..\..\ScalerCommonFunction\Header;..\..\RL6432_Series_Common\Lib\Header;..\..\R
                    -L6432_Series_Common\Header) DEFINE(_TRANSLATOR_SUPPORT=_OFF,_SCALER_TYPE=_RL6432_SERIES) DEBUG OBJECTEXTEND PRINT(.\Outp
                    -ut\RL6432_Series_OsdAutoRotateFontBStartAddr.lst) OBJECT(.\Output\RL6432_Series_OsdAutoRotateFontBStartAddr.obj)

line level    source

   1          /********************************************************************************/
   2          /*   The  Software  is  proprietary,  confidential,  and  valuable to Realtek   */
   3          /*   Semiconductor  Corporation  ("Realtek").  All  rights, including but not   */
   4          /*   limited  to  copyrights,  patents,  trademarks, trade secrets, mask work   */
   5          /*   rights, and other similar rights and interests, are reserved to Realtek.   */
   6          /*   Without  prior  written  consent  from  Realtek,  copying, reproduction,   */
   7          /*   modification,  distribution,  or  otherwise  is strictly prohibited. The   */
   8          /*   Software  shall  be  kept  strictly  in  confidence,  and  shall  not be   */
   9          /*   disclosed to or otherwise accessed by any third party.                     */
  10          /*   c<2003> - <2012>                                                           */
  11          /*   The Software is provided "AS IS" without any warranty of any kind,         */
  12          /*   express, implied, statutory or otherwise.                                  */
  13          /********************************************************************************/
  14          //----------------------------------------------------------------------------------------------------
  15          // ID Code      : RL6432_Series_OsdAutoRotateFontBStartAddr.c
  16          // Update Note  :
  17          //----------------------------------------------------------------------------------------------------
  18          #include "RL6432_Series_OSDLibInternalInclude.h"
  19          
  20          //****************************************************************************
  21          // DEFINITIONS / MACROS
  22          //****************************************************************************
  23          
  24          
  25          //****************************************************************************
  26          // STRUCT / TYPE / ENUM DEFINITTIONS
  27          //****************************************************************************
  28          
  29          
  30          //****************************************************************************
  31          // CODE TABLES
  32          //****************************************************************************
  33          
  34          
  35          //****************************************************************************
  36          // VARIABLE DECLARATIONS
  37          //****************************************************************************
  38          
  39          //****************************************************************************
  40          // FUNCTION DECLARATIONS
  41          //****************************************************************************
  42          void ScalerOsdAutoRotateFontBStartAddr(BYTE ucStartAddr);
  43          
  44          //****************************************************************************
  45          // FUNCTION DEFINITIONS
  46          //****************************************************************************
  47          //--------------------------------------------------
  48          // Description  : FONT_B LUT SRAM Start Address
  49          // Input Value  : ucStartAddr --> Font B start address
  50          // Output Value :
  51          //--------------------------------------------------
C51 COMPILER V8.12   RL6432_SERIES_OSDAUTOROTATEFONTBSTARTADDR                             05/25/2022 15:41:37 PAGE 2   

  52          void ScalerOsdAutoRotateFontBStartAddr(BYTE ucStartAddr)
  53          {
  54   1          ScalerSetByte(P3A_42_FRAME_CTRL_42, ucStartAddr);
  55   1      }
  56          


MODULE INFORMATION:   STATIC OVERLAYABLE
   CODE SIZE        =      6    ----
   CONSTANT SIZE    =   ----    ----
   XDATA SIZE       =   ----    ----
   PDATA SIZE       =   ----    ----
   DATA SIZE        =   ----    ----
   IDATA SIZE       =   ----    ----
   BIT SIZE         =   ----    ----
END OF MODULE INFORMATION.


C51 COMPILATION COMPLETE.  0 WARNING(S),  0 ERROR(S)
